// Jest Snapshot v1, https://goo.gl/fbAQLP

exports[`Text renders correctly 1`] = `
<span
  className="MuiTypography-root Component-text-1 MuiTypography-body2 MuiTypography-displayBlock"
>
  Text
</span>
`;
